[INFO] Scanning for projects...
[INFO] 
[INFO] -------------------------< com.example:BTL_N3 >-------------------------
[INFO] Building BTL_N3 1.0-SNAPSHOT
[INFO]   from pom.xml
[INFO] --------------------------------[ jar ]---------------------------------
[INFO] 
[INFO] --- resources:3.4.0:resources (default-resources) @ BTL_N3 ---
[INFO] Copying 7 resources from src\main\resources to target\classes
[INFO] 
[INFO] --- compiler:3.13.0:compile (default-compile) @ BTL_N3 ---
[INFO] Nothing to compile - all classes are up to date.
[INFO] 
[INFO] --- resources:3.4.0:testResources (default-testResources) @ BTL_N3 ---
[INFO] skip non existing resourceDirectory D:\WORKSPACE\btl\Baitaplon\src\test\resources
[INFO] 
[INFO] --- compiler:3.13.0:testCompile (default-testCompile) @ BTL_N3 ---
[INFO] Nothing to compile - all classes are up to date.
[INFO] 
[INFO] --- surefire:3.5.2:test (default-test) @ BTL_N3 ---
[INFO] Using auto detected provider org.apache.maven.surefire.junitplatform.JUnitPlatformProvider
[INFO] 
[INFO] -------------------------------------------------------
[INFO]  T E S T S
[INFO] -------------------------------------------------------
[INFO] Running server.manager.AutoBidManagerTest
AutoBid: Đ? đăng k? agent 1 cho bidder 100 | auction 10 | maxBid=500.0 | increment=50.0
AutoBid: Đ? đăng k? agent 2 cho bidder 101 | auction 10 | maxBid=600.0 | increment=50.0
[ERROR] Tests run: 1, Failures: 0, Errors: 1, Skipped: 0, Time elapsed: 0.128 s <<< FAILURE! -- in server.manager.AutoBidManagerTest
[ERROR] server.manager.AutoBidManagerTest.testTwoAgentsContinuousBidding_ShouldBidRepeatedly -- Time elapsed: 0.079 s <<< ERROR!
java.lang.NullPointerException: Cannot invoke "java.lang.Integer.intValue()" because "currentLeaderId" is null
	at server.manager.AutoBidManager.processAutoBidsOneRound(AutoBidManager.java:215)
	at server.manager.AutoBidManager.processAutoBids(AutoBidManager.java:157)
	at server.manager.AutoBidManagerTest.testTwoAgentsContinuousBidding_ShouldBidRepeatedly(AutoBidManagerTest.java:339)
	at java.base/java.lang.reflect.Method.invoke(Method.java:565)
	at java.base/java.util.ArrayList.forEach(ArrayList.java:1604)
	at java.base/java.util.ArrayList.forEach(ArrayList.java:1604)

[INFO] 
[INFO] Results:
[INFO] 
[ERROR] Errors: 
[ERROR]   AutoBidManagerTest.testTwoAgentsContinuousBidding_ShouldBidRepeatedly:339 » NullPointer Cannot invoke "java.lang.Integer.intValue()" because "currentLeaderId" is null
[INFO] 
[ERROR] Tests run: 1, Failures: 0, Errors: 1, Skipped: 0
[INFO] 
[INFO] ------------------------------------------------------------------------
[INFO] BUILD FAILURE
[INFO] ------------------------------------------------------------------------
[INFO] Total time:  3.383 s
[INFO] Finished at: 2026-05-15T22:27:28+07:00
[INFO] ------------------------------------------------------------------------
[ERROR] Failed to execute goal org.apache.maven.plugins:maven-surefire-plugin:3.5.2:test (default-test) on project BTL_N3: 
[ERROR] 
[ERROR] See D:\WORKSPACE\btl\Baitaplon\target\surefire-reports for the individual test results.
[ERROR] See dump files (if any exist) [date].dump, [date]-jvmRun[N].dump and [date].dumpstream.
[ERROR] -> [Help 1]
[ERROR] 
[ERROR] To see the full stack trace of the errors, re-run Maven with the -e switch.
[ERROR] Re-run Maven using the -X switch to enable full debug logging.
[ERROR] 
[ERROR] For more information about the errors and possible solutions, please read the following articles:
[ERROR] [Help 1] http://cwiki.apache.org/confluence/display/MAVEN/MojoFailureException
